// Jest Snapshot v1, https://goo.gl/fbAQLP

exports[`renderer renders Hello, world 1`] = `
Object {
  "response_type": "in_channel",
  "text": "Hello, world",
}
`;

exports[`renderer renders an array of Blocks 1`] = `
Object {
  "blocks": Array [
    Object {
      "type": "divider",
    },
    Object {
      "text": Object {
        "text": "section text",
      },
      "type": "section",
    },
  ],
  "response_type": "ephemeral",
}
`;
